
ADMIN@IT-LAB-66 MINGW64 /d/localrepos
$ git init
Initialized empty Git repository in D:/localrepos/.git/

ADMIN@IT-LAB-66 MINGW64 /d/localrepos (master)
$ git remote add origin "https://github.com/tarun8888/bvritrepo.git"

ADMIN@IT-LAB-66 MINGW64 /d/localrepos (master)
$ git pull origin master
remote: Enumerating objects: 66, done.
remote: Counting objects: 100% (66/66), done.
remote: Compressing objects: 100% (43/43), done.
remote: Total 66 (delta 6), reused 62 (delta 2), pack-reused 0
Unpacking objects: 100% (66/66), done.
From https://github.com/tarun8888/bvritrepo
 * branch            master     -> FETCH_HEAD
 * [new branch]      master     -> origin/master

ADMIN@IT-LAB-66 MINGW64 /d/localrepos (master)
$ ls
PMS/

ADMIN@IT-LAB-66 MINGW64 /d/localrepos (master)
$ git status
On branch master
Untracked files:
  (use "git add <file>..." to include in what will be committed)

        PMS/src/main/java/com/cg/ui/sample.java.txt

nothing added to commit but untracked files present (use "git add" to track)

ADMIN@IT-LAB-66 MINGW64 /d/localrepos (master)
$ git status
On branch master
Untracked files:
  (use "git add <file>..." to include in what will be committed)

        PMS/src/main/java/com/cg/ui/sample.txt

nothing added to commit but untracked files present (use "git add" to track)

ADMIN@IT-LAB-66 MINGW64 /d/localrepos (master)
$ git add sample.txt
fatal: pathspec 'sample.txt' did not match any files

ADMIN@IT-LAB-66 MINGW64 /d/localrepos (master)
$ git add sample.txt
fatal: pathspec 'sample.txt' did not match any files

ADMIN@IT-LAB-66 MINGW64 /d/localrepos (master)
$ pwd
/d/localrepos

ADMIN@IT-LAB-66 MINGW64 /d/localrepos (master)
$ cd D:\localrepos\PMS\src\main\java\com\cg\ui
bash: cd: D:localreposPMSsrcmainjavacomcgui: No such file or directory

ADMIN@IT-LAB-66 MINGW64 /d/localrepos (master)
$ cd "D:\localrepos\PMS\src\main\java\com\cg\ui"

ADMIN@IT-LAB-66 MINGW64 /d/localrepos/PMS/src/main/java/com/cg/ui (master)
$ git add sample.txt

ADMIN@IT-LAB-66 MINGW64 /d/localrepos/PMS/src/main/java/com/cg/ui (master)
$ git status
On branch master
Changes to be committed:
  (use "git reset HEAD <file>..." to unstage)

        new file:   sample.txt


ADMIN@IT-LAB-66 MINGW64 /d/localrepos/PMS/src/main/java/com/cg/ui (master)
$ git cmmit sample.txt -m "added sample"
git: 'cmmit' is not a git command. See 'git --help'.

The most similar command is
        commit

ADMIN@IT-LAB-66 MINGW64 /d/localrepos/PMS/src/main/java/com/cg/ui (master)
$ git commit sample.txt -m "added sample"

*** Please tell me who you are.

Run

  git config --global user.email "you@example.com"
  git config --global user.name "Your Name"

to set your account's default identity.
Omit --global to set the identity only in this repository.

fatal: unable to auto-detect email address (got 'ADMIN@IT-LAB-66.(none)')

ADMIN@IT-LAB-66 MINGW64 /d/localrepos/PMS/src/main/java/com/cg/ui (master)
